// Jest Snapshot v1, https://goo.gl/fbAQLP

exports[`Card Component display Card it should display card with name and match snapshot 1`] = `
<div>
  <div
    class="Card__CardContainer-sc-1b3jwt6-0 fpjUII"
  >
    <div
      class="Card__CardHead-sc-1b3jwt6-1 iPUqjq"
    >
      <div
        class="MuiAvatar-root MuiAvatar-circle Card__CardAvatar-sc-1b3jwt6-2 QmZGE MuiAvatar-colorDefault"
      >
        N
      </div>
      <h3>
        Nicolette Kris
      </h3>
    </div>
    <h4>
      <svg
        aria-hidden="true"
        class="MuiSvgIcon-root"
        focusable="false"
        viewBox="0 0 24 24"
      >
        <path
          d="M22 6c0-1.1-.9-2-2-2H4c-1.1 0-2 .9-2 2v12c0 1.1.9 2 2 2h16c1.1 0 2-.9 2-2V6zm-2 0l-8 5-8-5h16zm0 12H4V8l8 5 8-5v10z"
        />
      </svg>
      <span>
        Clementine_Crist@Hayes.com
      </span>
    </h4>
    <h4>
      <svg
        aria-hidden="true"
        class="MuiSvgIcon-root"
        focusable="false"
        viewBox="0 0 24 24"
      >
        <path
          d="M15.5 1h-8C6.12 1 5 2.12 5 3.5v17C5 21.88 6.12 23 7.5 23h8c1.38 0 2.5-1.12 2.5-2.5v-17C18 2.12 16.88 1 15.5 1zm-4 21c-.83 0-1.5-.67-1.5-1.5s.67-1.5 1.5-1.5 1.5.67 1.5 1.5-.67 1.5-1.5 1.5zm4.5-4H7V4h9v14z"
        />
      </svg>
      <span>
        721-465-6539
      </span>
    </h4>
    <h4>
      <svg
        aria-hidden="true"
        class="MuiSvgIcon-root"
        focusable="false"
        viewBox="0 0 24 24"
      >
        <path
          d="M12 5.69l5 4.5V18h-2v-6H9v6H7v-7.81l5-4.5M12 3L2 12h3v8h6v-6h2v6h6v-8h3L12 3z"
        />
      </svg>
      <span>
        687 Hanna Knolls Apt. 575
Nicolebury, FL 63262
      </span>
    </h4>
  </div>
</div>
`;
